Copyright 1986-2022 Xilinx, Inc. All Rights Reserved. Copyright 2022-2025 Advanced Micro Devices, Inc. All Rights Reserved.
---------------------------------------------------------------------------------------------------------------------------------------------
| Tool Version : Vivado v.2025.2 (lin64) Build 6299465 Fri Nov 14 12:34:56 MST 2025
| Date         : Tue Jun  2 09:54:01 2026
| Host         : en4226599rl.eng.asu.edu running 64-bit Red Hat Enterprise Linux release 8.10 (Ootpa)
| Command      : report_timing_summary -file results/notebook_run/rtl_sweep/A_RH/timing_summary.rpt
| Design       : cintas_stream
| Device       : 7a200t-fbg676
| Speed File   : -1  PRODUCTION 1.23 2018-06-13
| Design State : Synthesized
---------------------------------------------------------------------------------------------------------------------------------------------

Timing Summary Report

------------------------------------------------------------------------------------------------
| Timer Settings
| --------------
------------------------------------------------------------------------------------------------

  Enable Multi Corner Analysis               :  Yes
  Enable Pessimism Removal                   :  Yes
  Pessimism Removal Resolution               :  Nearest Common Node
  Enable Input Delay Default Clock           :  No
  Enable Preset / Clear Arcs                 :  No
  Disable Flight Delays                      :  No
  Ignore I/O Paths                           :  No
  Timing Early Launch at Borrowing Latches   :  No
  Borrow Time for Max Delay Exceptions       :  Yes
  Merge Timing Exceptions                    :  Yes
  Inter-SLR Compensation                     :  Conservative

  Corner  Analyze    Analyze    
  Name    Max Paths  Min Paths  
  ------  ---------  ---------  
  Slow    Yes        Yes        
  Fast    Yes        Yes        


------------------------------------------------------------------------------------------------
| Report Methodology
| ------------------
------------------------------------------------------------------------------------------------

No report available as report_methodology has not been run prior. Run report_methodology on the current design for the summary of methodology violations.



check_timing report

Table of Contents
-----------------
1. checking no_clock (0)
2. checking constant_clock (0)
3. checking pulse_width_clock (0)
4. checking unconstrained_internal_endpoints (0)
5. checking no_input_delay (226)
6. checking no_output_delay (66)
7. checking multiple_clock (0)
8. checking generated_clocks (0)
9. checking loops (0)
10. checking partial_input_delay (0)
11. checking partial_output_delay (0)
12. checking latch_loops (0)

1. checking no_clock (0)
------------------------
 There are 0 register/latch pins with no clock.


2. checking constant_clock (0)
------------------------------
 There are 0 register/latch pins with constant_clock.


3. checking pulse_width_clock (0)
---------------------------------
 There are 0 register/latch pins which need pulse_width check


4. checking unconstrained_internal_endpoints (0)
------------------------------------------------
 There are 0 pins that are not constrained for maximum delay.

 There are 0 pins that are not constrained for maximum delay due to constant clock.


5. checking no_input_delay (226)
--------------------------------
 There are 226 input ports with no input delay specified. (HIGH)

 There are 0 input ports with no input delay but user has a false path constraint.


6. checking no_output_delay (66)
--------------------------------
 There are 66 ports with no output delay specified. (HIGH)

 There are 0 ports with no output delay but user has a false path constraint

 There are 0 ports with no output delay but with a timing clock defined on it or propagating through it


7. checking multiple_clock (0)
------------------------------
 There are 0 register/latch pins with multiple clocks.


8. checking generated_clocks (0)
--------------------------------
 There are 0 generated clocks that are not connected to a clock source.


9. checking loops (0)
---------------------
 There are 0 combinational loops in the design.


10. checking partial_input_delay (0)
------------------------------------
 There are 0 input ports with partial input delay specified.


11. checking partial_output_delay (0)
-------------------------------------
 There are 0 ports with partial output delay specified.


12. checking latch_loops (0)
----------------------------
 There are 0 combinational latch loops in the design through latch input



------------------------------------------------------------------------------------------------
| Design Timing Summary
| ---------------------
------------------------------------------------------------------------------------------------

    WNS(ns)      TNS(ns)  TNS Failing Endpoints  TNS Total Endpoints      WHS(ns)      THS(ns)  THS Failing Endpoints  THS Total Endpoints     WPWS(ns)     TPWS(ns)  TPWS Failing Endpoints  TPWS Total Endpoints  
    -------      -------  ---------------------  -------------------      -------      -------  ---------------------  -------------------     --------     --------  ----------------------  --------------------  
      2.569        0.000                      0                  384        0.147        0.000                      0                  384       12.000        0.000                       0                   260  


All user specified timing constraints are met.


------------------------------------------------------------------------------------------------
| Clock Summary
| -------------
------------------------------------------------------------------------------------------------

Clock  Waveform(ns)       Period(ns)      Frequency(MHz)
-----  ------------       ----------      --------------
clk    {0.000 12.500}     25.000          40.000          


------------------------------------------------------------------------------------------------
| Intra Clock Table
| -----------------
------------------------------------------------------------------------------------------------

Clock             WNS(ns)      TNS(ns)  TNS Failing Endpoints  TNS Total Endpoints      WHS(ns)      THS(ns)  THS Failing Endpoints  THS Total Endpoints     WPWS(ns)     TPWS(ns)  TPWS Failing Endpoints  TPWS Total Endpoints  
-----             -------      -------  ---------------------  -------------------      -------      -------  ---------------------  -------------------     --------     --------  ----------------------  --------------------  
clk                 2.569        0.000                      0                  384        0.147        0.000                      0                  384       12.000        0.000                       0                   260  


------------------------------------------------------------------------------------------------
| Inter Clock Table
| -----------------
------------------------------------------------------------------------------------------------

From Clock    To Clock          WNS(ns)      TNS(ns)  TNS Failing Endpoints  TNS Total Endpoints      WHS(ns)      THS(ns)  THS Failing Endpoints  THS Total Endpoints  
----------    --------          -------      -------  ---------------------  -------------------      -------      -------  ---------------------  -------------------  


------------------------------------------------------------------------------------------------
| Other Path Groups Table
| -----------------------
------------------------------------------------------------------------------------------------

Path Group    From Clock    To Clock          WNS(ns)      TNS(ns)  TNS Failing Endpoints  TNS Total Endpoints      WHS(ns)      THS(ns)  THS Failing Endpoints  THS Total Endpoints  
----------    ----------    --------          -------      -------  ---------------------  -------------------      -------      -------  ---------------------  -------------------  


------------------------------------------------------------------------------------------------
| Timing Details
| --------------
------------------------------------------------------------------------------------------------


---------------------------------------------------------------------------------------------------
From Clock:  clk
  To Clock:  clk

Setup :            0  Failing Endpoints,  Worst Slack        2.569ns,  Total Violation        0.000ns
Hold  :            0  Failing Endpoints,  Worst Slack        0.147ns,  Total Violation        0.000ns
PW    :            0  Failing Endpoints,  Worst Slack       12.000ns,  Total Violation        0.000ns
---------------------------------------------------------------------------------------------------


Max Delay Paths
--------------------------------------------------------------------------------------
Slack (MET) :             2.569ns  (required time - arrival time)
  Source:                 e2_acc_q_reg[1]/C
                            (rising edge-triggered cell FDCE clocked by clk  {rise@0.000ns fall@12.500ns period=25.000ns})
  Destination:            alert_o_reg/D
                            (rising edge-triggered cell FDCE clocked by clk  {rise@0.000ns fall@12.500ns period=25.000ns})
  Path Group:             clk
  Path Type:              Setup (Max at Slow Process Corner)
  Requirement:            25.000ns  (clk rise@25.000ns - clk rise@0.000ns)
  Data Path Delay:        22.067ns  (logic 15.881ns (71.966%)  route 6.186ns (28.034%))
  Logic Levels:           33  (CARRY4=23 DSP48E1=4 LUT2=2 LUT3=2 LUT4=1 LUT6=1)
  Clock Path Skew:        -0.145ns (DCD - SCD + CPR)
    Destination Clock Delay (DCD):    2.106ns = ( 27.106 - 25.000 ) 
    Source Clock Delay      (SCD):    2.430ns
    Clock Pessimism Removal (CPR):    0.178ns
  Clock Uncertainty:      0.035ns  ((TSJ^2 + TIJ^2)^1/2 + DJ) / 2 + PE
    Total System Jitter     (TSJ):    0.071ns
    Total Input Jitter      (TIJ):    0.000ns
    Discrete Jitter          (DJ):    0.000ns
    Phase Error              (PE):    0.000ns

    Location             Delay type                Incr(ns)  Path(ns)    Netlist Resource(s)
  -------------------------------------------------------------------    -------------------
                         (clock clk rise edge)        0.000     0.000 r  
                                                      0.000     0.000 r  clk (IN)
                         net (fo=0)                   0.000     0.000    clk
                         IBUF (Prop_ibuf_I_O)         0.950     0.950 r  clk_IBUF_inst/O
                         net (fo=1, unplaced)         0.800     1.750    clk_IBUF
                         BUFG (Prop_bufg_I_O)         0.096     1.846 r  clk_IBUF_BUFG_inst/O
                         net (fo=259, unplaced)       0.584     2.430    clk_IBUF_BUFG
                         FDCE                                         r  e2_acc_q_reg[1]/C
  -------------------------------------------------------------------    -------------------
                         FDCE (Prop_fdce_C_Q)         0.456     2.886 r  e2_acc_q_reg[1]/Q
                         net (fo=2, unplaced)         0.481     3.367    e2_acc_q[1]
                         LUT2 (Prop_lut2_I0_O)        0.295     3.662 r  block_max_q2__7_i_19/O
                         net (fo=1, unplaced)         0.000     3.662    block_max_q2__7_i_19_n_0
                         CARRY4 (Prop_carry4_S[1]_CO[3])
                                                      0.533     4.195 r  block_max_q2__7_i_4/CO[3]
                         net (fo=1, unplaced)         0.009     4.204    block_max_q2__7_i_4_n_0
                         CARRY4 (Prop_carry4_CI_CO[3])
                                                      0.117     4.321 r  block_max_q2__7_i_3/CO[3]
                         net (fo=1, unplaced)         0.000     4.321    block_max_q2__7_i_3_n_0
                         CARRY4 (Prop_carry4_CI_CO[3])
                                                      0.117     4.438 r  block_max_q2__7_i_2/CO[3]
                         net (fo=1, unplaced)         0.000     4.438    block_max_q2__7_i_2_n_0
                         CARRY4 (Prop_carry4_CI_CO[3])
                                                      0.117     4.555 r  block_max_q2__7_i_1/CO[3]
                         net (fo=1, unplaced)         0.000     4.555    block_max_q2__7_i_1_n_0
                         CARRY4 (Prop_carry4_CI_CO[3])
                                                      0.117     4.672 r  block_max_q2__6_i_5/CO[3]
                         net (fo=1, unplaced)         0.000     4.672    block_max_q2__6_i_5_n_0
                         CARRY4 (Prop_carry4_CI_CO[3])
                                                      0.117     4.789 r  block_max_q2__6_i_4/CO[3]
                         net (fo=1, unplaced)         0.000     4.789    block_max_q2__6_i_4_n_0
                         CARRY4 (Prop_carry4_CI_CO[3])
                                                      0.117     4.906 r  block_max_q2__6_i_3/CO[3]
                         net (fo=1, unplaced)         0.000     4.906    block_max_q2__6_i_3_n_0
                         CARRY4 (Prop_carry4_CI_CO[3])
                                                      0.117     5.023 r  block_max_q2__6_i_2/CO[3]
                         net (fo=1, unplaced)         0.000     5.023    block_max_q2__6_i_2_n_0
                         CARRY4 (Prop_carry4_CI_O[1])
                                                      0.337     5.360 r  block_max_q2__6_i_1/O[1]
                         net (fo=4, unplaced)         0.800     6.160    e2_next_q[33]
                         DSP48E1 (Prop_dsp48e1_B[16]_PCOUT[47])
                                                      4.030    10.190 r  block_max_q2__8/PCOUT[47]
                         net (fo=1, unplaced)         0.055    10.245    block_max_q2__8_n_106
                         DSP48E1 (Prop_dsp48e1_PCIN[47]_PCOUT[47])
                                                      1.713    11.958 r  block_max_q2__9/PCOUT[47]
                         net (fo=1, unplaced)         0.000    11.958    block_max_q2__9_n_106
                         DSP48E1 (Prop_dsp48e1_PCIN[47]_PCOUT[47])
                                                      1.713    13.671 r  block_max_q2__10/PCOUT[47]
                         net (fo=1, unplaced)         0.000    13.671    block_max_q2__10_n_106
                         DSP48E1 (Prop_dsp48e1_PCIN[47]_P[2])
                                                      1.518    15.189 r  block_max_q2__11/P[2]
                         net (fo=2, unplaced)         0.800    15.988    block_max_q2__11_n_103
                         LUT3 (Prop_lut3_I2_O)        0.124    16.112 r  block_max_q[51]_i_10/O
                         net (fo=2, unplaced)         0.650    16.762    block_max_q[51]_i_10_n_0
                         CARRY4 (Prop_carry4_DI[1]_CO[3])
                                                      0.520    17.282 r  block_max_q_reg[51]_i_3/CO[3]
                         net (fo=1, unplaced)         0.000    17.282    block_max_q_reg[51]_i_3_n_0
                         CARRY4 (Prop_carry4_CI_O[1])
                                                      0.337    17.619 r  block_max_q_reg[55]_i_5/O[1]
                         net (fo=2, unplaced)         0.622    18.241    block_max_q_reg[55]_i_5_n_6
                         LUT2 (Prop_lut2_I0_O)        0.306    18.547 r  block_max_q[51]_i_5/O
                         net (fo=1, unplaced)         0.000    18.547    block_max_q[51]_i_5_n_0
                         CARRY4 (Prop_carry4_S[2]_CO[3])
                                                      0.380    18.927 r  block_max_q_reg[51]_i_2/CO[3]
                         net (fo=1, unplaced)         0.000    18.927    block_max_q_reg[51]_i_2_n_0
                         CARRY4 (Prop_carry4_CI_O[1])
                                                      0.337    19.264 r  block_max_q_reg[55]_i_2/O[1]
                         net (fo=5, unplaced)         0.639    19.903    block_max_q_reg[55]_i_2_n_6
                         LUT4 (Prop_lut4_I0_O)        0.335    20.238 r  block_max_q[63]_i_16/O
                         net (fo=1, unplaced)         0.000    20.238    block_max_q[63]_i_16_n_0
                         CARRY4 (Prop_carry4_DI[2]_CO[3])
                                                      0.432    20.670 r  block_max_q_reg[63]_i_5/CO[3]
                         net (fo=1, unplaced)         0.000    20.670    block_max_q_reg[63]_i_5_n_0
                         CARRY4 (Prop_carry4_CI_CO[3])
                                                      0.117    20.787 r  block_max_q_reg[63]_i_3/CO[3]
                         net (fo=122, unplaced)       1.023    21.810    data0
                         LUT3 (Prop_lut3_I1_O)        0.116    21.926 r  block_score_q_o[3]_i_1/O
                         net (fo=2, unplaced)         0.460    22.386    block_score_q_o[3]_i_1_n_0
                         LUT6 (Prop_lut6_I1_O)        0.124    22.510 r  alert_o_i_67/O
                         net (fo=1, unplaced)         0.639    23.149    alert_o_i_67_n_0
                         CARRY4 (Prop_carry4_DI[1]_CO[3])
                                                      0.520    23.669 r  alert_o_reg_i_56/CO[3]
                         net (fo=1, unplaced)         0.009    23.678    alert_o_reg_i_56_n_0
                         CARRY4 (Prop_carry4_CI_CO[3])
                                                      0.117    23.795 r  alert_o_reg_i_47/CO[3]
                         net (fo=1, unplaced)         0.000    23.795    alert_o_reg_i_47_n_0
                         CARRY4 (Prop_carry4_CI_CO[3])
                                                      0.117    23.912 r  alert_o_reg_i_38/CO[3]
                         net (fo=1, unplaced)         0.000    23.912    alert_o_reg_i_38_n_0
                         CARRY4 (Prop_carry4_CI_CO[3])
                                                      0.117    24.029 r  alert_o_reg_i_29/CO[3]
                         net (fo=1, unplaced)         0.000    24.029    alert_o_reg_i_29_n_0
                         CARRY4 (Prop_carry4_CI_CO[3])
                                                      0.117    24.146 r  alert_o_reg_i_20/CO[3]
                         net (fo=1, unplaced)         0.000    24.146    alert_o_reg_i_20_n_0
                         CARRY4 (Prop_carry4_CI_CO[3])
                                                      0.117    24.263 r  alert_o_reg_i_11/CO[3]
                         net (fo=1, unplaced)         0.000    24.263    alert_o_reg_i_11_n_0
                         CARRY4 (Prop_carry4_CI_CO[3])
                                                      0.117    24.380 r  alert_o_reg_i_2/CO[3]
                         net (fo=1, unplaced)         0.000    24.380    alert_o_reg_i_2_n_0
                         CARRY4 (Prop_carry4_CI_CO[3])
                                                      0.117    24.497 r  alert_o_reg_i_1/CO[3]
                         net (fo=1, unplaced)         0.000    24.497    alert_o_reg_i_1_n_0
                         FDCE                                         r  alert_o_reg/D
  -------------------------------------------------------------------    -------------------

                         (clock clk rise edge)       25.000    25.000 r  
                                                      0.000    25.000 r  clk (IN)
                         net (fo=0)                   0.000    25.000    clk
                         IBUF (Prop_ibuf_I_O)         0.817    25.817 r  clk_IBUF_inst/O
                         net (fo=1, unplaced)         0.760    26.576    clk_IBUF
                         BUFG (Prop_bufg_I_O)         0.091    26.667 r  clk_IBUF_BUFG_inst/O
                         net (fo=259, unplaced)       0.439    27.106    clk_IBUF_BUFG
                         FDCE                                         r  alert_o_reg/C
                         clock pessimism              0.178    27.285    
                         clock uncertainty           -0.035    27.249    
                         FDCE (Setup_fdce_C_D)       -0.183    27.066    alert_o_reg
  -------------------------------------------------------------------
                         required time                         27.066    
                         arrival time                         -24.497    
  -------------------------------------------------------------------
                         slack                                  2.569    





Min Delay Paths
--------------------------------------------------------------------------------------
Slack (MET) :             0.147ns  (arrival time - required time)
  Source:                 feature_idx_reg[2]/C
                            (rising edge-triggered cell FDCE clocked by clk  {rise@0.000ns fall@12.500ns period=25.000ns})
  Destination:            feature_idx_reg[3]/D
                            (rising edge-triggered cell FDCE clocked by clk  {rise@0.000ns fall@12.500ns period=25.000ns})
  Path Group:             clk
  Path Type:              Hold (Min at Fast Process Corner)
  Requirement:            0.000ns  (clk rise@0.000ns - clk rise@0.000ns)
  Data Path Delay:        0.383ns  (logic 0.242ns (63.151%)  route 0.141ns (36.849%))
  Logic Levels:           1  (LUT4=1)
  Clock Path Skew:        0.145ns (DCD - SCD - CPR)
    Destination Clock Delay (DCD):    1.011ns
    Source Clock Delay      (SCD):    0.656ns
    Clock Pessimism Removal (CPR):    0.209ns

    Location             Delay type                Incr(ns)  Path(ns)    Netlist Resource(s)
  -------------------------------------------------------------------    -------------------
                         (clock clk rise edge)        0.000     0.000 r  
                                                      0.000     0.000 r  clk (IN)
                         net (fo=0)                   0.000     0.000    clk
                         IBUF (Prop_ibuf_I_O)         0.179     0.179 r  clk_IBUF_inst/O
                         net (fo=1, unplaced)         0.337     0.516    clk_IBUF
                         BUFG (Prop_bufg_I_O)         0.026     0.542 r  clk_IBUF_BUFG_inst/O
                         net (fo=259, unplaced)       0.114     0.656    clk_IBUF_BUFG
                         FDCE                                         r  feature_idx_reg[2]/C
  -------------------------------------------------------------------    -------------------
                         FDCE (Prop_fdce_C_Q)         0.141     0.797 r  feature_idx_reg[2]/Q
                         net (fo=4, unplaced)         0.141     0.938    feature_idx[2]
                         LUT4 (Prop_lut4_I3_O)        0.101     1.039 r  feature_idx[3]_i_1/O
                         net (fo=1, unplaced)         0.000     1.039    feature_idx[3]_i_1_n_0
                         FDCE                                         r  feature_idx_reg[3]/D
  -------------------------------------------------------------------    -------------------

                         (clock clk rise edge)        0.000     0.000 r  
                                                      0.000     0.000 r  clk (IN)
                         net (fo=0)                   0.000     0.000    clk
                         IBUF (Prop_ibuf_I_O)         0.368     0.368 r  clk_IBUF_inst/O
                         net (fo=1, unplaced)         0.355     0.723    clk_IBUF
                         BUFG (Prop_bufg_I_O)         0.029     0.752 r  clk_IBUF_BUFG_inst/O
                         net (fo=259, unplaced)       0.259     1.011    clk_IBUF_BUFG
                         FDCE                                         r  feature_idx_reg[3]/C
                         clock pessimism             -0.209     0.801    
                         FDCE (Hold_fdce_C_D)         0.091     0.892    feature_idx_reg[3]
  -------------------------------------------------------------------
                         required time                         -0.892    
                         arrival time                           1.039    
  -------------------------------------------------------------------
                         slack                                  0.147    





Pulse Width Checks
--------------------------------------------------------------------------------------
Clock Name:         clk
Waveform(ns):       { 0.000 12.500 }
Period(ns):         25.000
Sources:            { clk }

Check Type        Corner  Lib Pin  Reference Pin  Required(ns)  Actual(ns)  Slack(ns)  Location  Pin
Min Period        n/a     BUFG/I   n/a            2.155         25.000      22.845               clk_IBUF_BUFG_inst/I
Low Pulse Width   Slow    FDCE/C   n/a            0.500         12.500      12.000               alert_o_reg/C
High Pulse Width  Slow    FDCE/C   n/a            0.500         12.500      12.000               alert_o_reg/C



